
> rest-express@1.0.0 lint
> eslint .

[baseline-browser-mapping] The data in this module is over two months old.  To ensure accurate Baseline data, please update: `npm i baseline-browser-mapping@latest -D`

/app/CredVerseIssuer 3/client/src/components/ui/sidebar.tsx
  612:26  error  Error: Cannot call impure function during render

`Math.random` is an impure function. Calling an impure function can produce unstable results that update unpredictably when the component happens to re-render. (https://react.dev/reference/rules/components-and-hooks-must-be-pure#components-and-hooks-must-be-idempotent).

/app/CredVerseIssuer 3/client/src/components/ui/sidebar.tsx:612:26
  610 |   // Random width between 50 to 90%.
  611 |   const width = React.useMemo(() => {
> 612 |     return `${Math.floor(Math.random() * 40) + 50}%`
      |                          ^^^^^^^^^^^^^ Cannot call impure function
  613 |   }, [])
  614 |
  615 |   return (  react-hooks/purity

/app/CredVerseIssuer 3/client/src/hooks/use-wallet.ts
  7:13  warning  Unused eslint-disable directive (no problems were reported from '@typescript-eslint/no-explicit-any')

/app/CredVerseIssuer 3/client/src/pages/Dashboard.tsx
  110:29  error  Unexpected any. Specify a different type  @typescript-eslint/no-explicit-any

/app/CredVerseIssuer 3/client/src/pages/Issuance.tsx
  9:1  warning  Unused eslint-disable directive (no problems were reported from '@typescript-eslint/no-unused-vars')

/app/CredVerseIssuer 3/client/src/pages/UniPassport.tsx
  7:1  warning  Unused eslint-disable directive (no problems were reported from '@typescript-eslint/no-unused-vars')
  8:1  warning  Unused eslint-disable directive (no problems were reported from '@typescript-eslint/no-unused-vars')
  9:1  warning  Unused eslint-disable directive (no problems were reported from '@typescript-eslint/no-unused-vars')

/app/CredVerseIssuer 3/client/src/pages/bulk-issuance.tsx
  167:83  error  Unexpected any. Specify a different type  @typescript-eslint/no-explicit-any

/app/CredVerseIssuer 3/client/src/pages/students.tsx
   49:5   warning  Unused eslint-disable directive (no problems were reported from '@typescript-eslint/no-unused-vars')
   59:1   warning  Unused eslint-disable directive (no problems were reported from '@typescript-eslint/no-unused-vars')
   60:1   warning  Unused eslint-disable directive (no problems were reported from '@typescript-eslint/no-unused-vars')
   61:1   warning  Unused eslint-disable directive (no problems were reported from '@typescript-eslint/no-unused-vars')
  662:60  error    Unexpected any. Specify a different type                                                              @typescript-eslint/no-explicit-any
  797:76  error    Unexpected any. Specify a different type                                                              @typescript-eslint/no-explicit-any

/app/CredVerseIssuer 3/server/auth.ts
  124:5  warning  Unused eslint-disable directive (no problems were reported from '@typescript-eslint/no-explicit-any')

/app/CredVerseIssuer 3/server/index.ts
  8:1  warning  Unused eslint-disable directive (no problems were reported from '@typescript-eslint/no-unused-vars')
  9:1  warning  Unused eslint-disable directive (no problems were reported from '@typescript-eslint/no-unused-vars')

/app/CredVerseIssuer 3/server/middleware/error-handler.ts
  4:1   warning  Unused eslint-disable directive (no problems were reported from '@typescript-eslint/no-unused-vars')
  6:69  error    'next' is defined but never used                                                                      @typescript-eslint/no-unused-vars

/app/CredVerseIssuer 3/server/middleware/security.ts
  172:5  warning  Unused eslint-disable directive (no problems were reported from 'no-useless-escape')
  173:5  warning  Unused eslint-disable directive (no problems were reported from 'no-useless-escape')
  174:5  warning  Unused eslint-disable directive (no problems were reported from 'no-useless-escape')
  175:5  warning  Unused eslint-disable directive (no problems were reported from 'no-useless-escape')

/app/CredVerseIssuer 3/server/routes/issuance.ts
  20:1  warning  Unused eslint-disable directive (no problems were reported from '@typescript-eslint/no-explicit-any')

/app/CredVerseIssuer 3/server/services/auth-service.ts
  73:5  warning  Unused eslint-disable directive (no problems were reported from 'no-useless-escape')

/app/CredVerseIssuer 3/server/services/queue-service.ts
  221:5  warning  Unused eslint-disable directive (no problems were reported from '@typescript-eslint/no-explicit-any')

/app/CredVerseIssuer 3/server/storage.ts
  616:7  warning  Unused eslint-disable directive (no problems were reported from '@typescript-eslint/no-explicit-any')
  644:7  warning  Unused eslint-disable directive (no problems were reported from '@typescript-eslint/no-explicit-any')
  662:7  warning  Unused eslint-disable directive (no problems were reported from '@typescript-eslint/no-explicit-any')

/app/CredVerseIssuer 3/shared/schema.ts
  1:1  warning  Unused eslint-disable directive (no problems were reported from '@typescript-eslint/no-unused-vars')

✖ 30 problems (6 errors, 24 warnings)
  0 errors and 24 warnings potentially fixable with the `--fix` option.
